// Copyright The OpenTelemetry Authors
// SPDX-License-Identifier: Apache-2.0

package main

import _ "unsafe"

func GenericFunc[T any](p1 []T, p2 ...T) (_unnamedRetVal_1523734358_0 []T, _unnamedRetVal_1523734358_1 error) {
	//line <generated>:1
	if hookContext1523734358, _ := OtelBeforeTrampoline_GenericFunc1523734358[T](&p1, &p2); false {
	} else {
		defer OtelAfterTrampoline_GenericFunc1523734358[T](hookContext1523734358, &_unnamedRetVal_1523734358_0, &_unnamedRetVal_1523734358_1)
	}
	//line main.go:7:2
	return p1, nil
}

type GenStruct[T any] struct {
	value T
}

func (g *GenStruct[T]) GenericMethod(p1 T, p2 string) (_unnamedRetVal_1139503255_0 T, _unnamedRetVal_1139503255_1 error) {
	//line <generated>:1
	if hookContext1139503255, _ := OtelBeforeTrampoline_GenericMethod1139503255[T](&g, &p1, &p2); false {
	} else {
		defer OtelAfterTrampoline_GenericMethod1139503255[T](hookContext1139503255, &_unnamedRetVal_1139503255_0, &_unnamedRetVal_1139503255_1)
	}
	//line main.go:15:2
	return p1, nil
}

//line <generated>:1
type HookContextImpl1523734358 struct {
	params      []interface{}
	returnVals  []interface{}
	skipCall    bool
	data        interface{}
	funcName    string
	packageName string
}

func (c *HookContextImpl1523734358) SetSkipCall(skip bool)    { c.skipCall = skip }
func (c *HookContextImpl1523734358) IsSkipCall() bool         { return c.skipCall }
func (c *HookContextImpl1523734358) SetData(data interface{}) { c.data = data }
func (c *HookContextImpl1523734358) GetData() interface{}     { return c.data }
func (c *HookContextImpl1523734358) GetKeyData(key string) interface{} {
	if m, ok := c.data.(map[string]interface{}); ok {
		return m[key]
	}
	return nil
}

func (c *HookContextImpl1523734358) SetKeyData(key string, val interface{}) {
	m, ok := c.data.(map[string]interface{})
	if !ok || m == nil {
		m = make(map[string]interface{})
		c.data = m
	}
	m[key] = val
}

func (c *HookContextImpl1523734358) HasKeyData(key string) bool {
	if m, ok := c.data.(map[string]interface{}); ok {
		_, ok := m[key]
		return ok
	}
	return false
}

func (c *HookContextImpl1523734358) GetParam(idx int) interface{} {
	panic("GetParam is unsupported for generic functions")
}

func (c *HookContextImpl1523734358) SetParam(idx int, val interface{}) {
	panic("SetParam is unsupported for generic functions")
}

func (c *HookContextImpl1523734358) GetReturnVal(idx int) interface{} {
	panic("GetReturnVal is unsupported for generic functions")
}

func (c *HookContextImpl1523734358) SetReturnVal(idx int, val interface{}) {
	panic("SetReturnVal is unsupported for generic functions")
}
func (c *HookContextImpl1523734358) GetParamCount() int     { return len(c.params) }
func (c *HookContextImpl1523734358) GetReturnValCount() int { return len(c.returnVals) }
func (c *HookContextImpl1523734358) GetFuncName() string    { return c.funcName }
func (c *HookContextImpl1523734358) GetPackageName() string { return c.packageName }

// Trampoline Template
func OtelBeforeTrampoline_GenericFunc1523734358[T any](param0 *[]T, param1 *[]T) (hookContext *HookContextImpl1523734358, skipCall bool) {
	defer func() {
		if err := recover(); err != nil {
			println("failed to exec Before hook", "GenericFuncBefore")
			if e, ok := err.(error); ok {
				println(e.Error())
			}
			fetchStack, printStack := OtelGetStackImpl, OtelPrintStackImpl
			if fetchStack != nil && printStack != nil {
				printStack(fetchStack())
			}
		}
	}()
	hookContext = &HookContextImpl1523734358{}
	hookContext.params = []interface{}{param0, param1}
	hookContext.funcName = "GenericFunc"
	hookContext.packageName = "main"
	if GenericFuncBefore != nil {
		GenericFuncBefore(hookContext, *param0, *param1)
	}
	return hookContext, hookContext.skipCall
}

func OtelAfterTrampoline_GenericFunc1523734358[T any](hookContext HookContext, arg0 *[]T, arg1 *error) {
	defer func() {
		if err := recover(); err != nil {
			println("failed to exec After hook", "GenericFuncAfter")
			if e, ok := err.(error); ok {
				println(e.Error())
			}
			fetchStack, printStack := OtelGetStackImpl, OtelPrintStackImpl
			if fetchStack != nil && printStack != nil {
				printStack(fetchStack())
			}
		}
	}()
	hookContext.(*HookContextImpl1523734358).returnVals = []interface{}{arg0, arg1}
	if GenericFuncAfter != nil {
		GenericFuncAfter(hookContext, *arg0, *arg1)
	}
}

//go:linkname GenericFuncBefore testdata/golden/generic-functions.GenericFuncBefore
func GenericFuncBefore(hookContext HookContext, param0 interface{}, param1 interface{})

//go:linkname GenericFuncAfter testdata/golden/generic-functions.GenericFuncAfter
func GenericFuncAfter(hookContext HookContext, arg0 interface{}, arg1 error)

//line <generated>:1
type HookContextImpl1139503255 struct {
	params      []interface{}
	returnVals  []interface{}
	skipCall    bool
	data        interface{}
	funcName    string
	packageName string
}

func (c *HookContextImpl1139503255) SetSkipCall(skip bool)    { c.skipCall = skip }
func (c *HookContextImpl1139503255) IsSkipCall() bool         { return c.skipCall }
func (c *HookContextImpl1139503255) SetData(data interface{}) { c.data = data }
func (c *HookContextImpl1139503255) GetData() interface{}     { return c.data }
func (c *HookContextImpl1139503255) GetKeyData(key string) interface{} {
	if m, ok := c.data.(map[string]interface{}); ok {
		return m[key]
	}
	return nil
}

func (c *HookContextImpl1139503255) SetKeyData(key string, val interface{}) {
	m, ok := c.data.(map[string]interface{})
	if !ok || m == nil {
		m = make(map[string]interface{})
		c.data = m
	}
	m[key] = val
}

func (c *HookContextImpl1139503255) HasKeyData(key string) bool {
	if m, ok := c.data.(map[string]interface{}); ok {
		_, ok := m[key]
		return ok
	}
	return false
}

func (c *HookContextImpl1139503255) GetParam(idx int) interface{} {
	panic("GetParam is unsupported for generic functions")
}

func (c *HookContextImpl1139503255) SetParam(idx int, val interface{}) {
	panic("SetParam is unsupported for generic functions")
}

func (c *HookContextImpl1139503255) GetReturnVal(idx int) interface{} {
	panic("GetReturnVal is unsupported for generic functions")
}

func (c *HookContextImpl1139503255) SetReturnVal(idx int, val interface{}) {
	panic("SetReturnVal is unsupported for generic functions")
}
func (c *HookContextImpl1139503255) GetParamCount() int     { return len(c.params) }
func (c *HookContextImpl1139503255) GetReturnValCount() int { return len(c.returnVals) }
func (c *HookContextImpl1139503255) GetFuncName() string    { return c.funcName }
func (c *HookContextImpl1139503255) GetPackageName() string { return c.packageName }

// Trampoline Template
func OtelBeforeTrampoline_GenericMethod1139503255[T any](recv0 **GenStruct[T], param0 *T, param1 *string) (hookContext *HookContextImpl1139503255, skipCall bool) {
	defer func() {
		if err := recover(); err != nil {
			println("failed to exec Before hook", "GenericMethodBefore")
			if e, ok := err.(error); ok {
				println(e.Error())
			}
			fetchStack, printStack := OtelGetStackImpl, OtelPrintStackImpl
			if fetchStack != nil && printStack != nil {
				printStack(fetchStack())
			}
		}
	}()
	hookContext = &HookContextImpl1139503255{}
	hookContext.params = []interface{}{recv0, param0, param1}
	hookContext.funcName = "GenericMethod"
	hookContext.packageName = "main"
	if GenericMethodBefore != nil {
		GenericMethodBefore(hookContext, *recv0, *param0, *param1)
	}
	return hookContext, hookContext.skipCall
}

func OtelAfterTrampoline_GenericMethod1139503255[T any](hookContext HookContext, arg0 *T, arg1 *error) {
	defer func() {
		if err := recover(); err != nil {
			println("failed to exec After hook", "GenericMethodAfter")
			if e, ok := err.(error); ok {
				println(e.Error())
			}
			fetchStack, printStack := OtelGetStackImpl, OtelPrintStackImpl
			if fetchStack != nil && printStack != nil {
				printStack(fetchStack())
			}
		}
	}()
	hookContext.(*HookContextImpl1139503255).returnVals = []interface{}{arg0, arg1}
	if GenericMethodAfter != nil {
		GenericMethodAfter(hookContext, *arg0, *arg1)
	}
}

//go:linkname GenericMethodBefore testdata/golden/generic-functions.GenericMethodBefore
func GenericMethodBefore(hookContext HookContext, recv0 interface{}, param0 interface{}, param1 string)

//go:linkname GenericMethodAfter testdata/golden/generic-functions.GenericMethodAfter
func GenericMethodAfter(hookContext HookContext, arg0 interface{}, arg1 error)
